******************************************************************************
                  TI ARM Linker PC v20.2.7                     
******************************************************************************
>> Linked Sat Apr 15 13:02:24 2023

OUTPUT FILE NAME:   <Lab11.out>
ENTRY POINT SYMBOL: "_c_int00_noargs"  address: 00000fd9


MEMORY CONFIGURATION

         name            origin    length      used     unused   attr    fill
----------------------  --------  ---------  --------  --------  ----  --------
  FLASH                 00000000   00040000  00001308  0003ecf8  R  X
  SRAM                  20000000   00008000  00000225  00007ddb  RW X


SEGMENT ALLOCATION MAP

run origin  load origin   length   init length attrs members
----------  ----------- ---------- ----------- ----- -------
00000000    00000000    00001308   00001308    r-x
  00000000    00000000    0000026c   0000026c    r-- .intvecs
  0000026c    0000026c    00000ee0   00000ee0    r-x .text
  0000114c    0000114c    0000019c   0000019c    r-- .const
  000012e8    000012e8    00000020   00000020    r-- .cinit
20000000    20000000    00000225   00000000    rw-
  20000000    20000000    00000200   00000000    rw- .stack
  20000200    20000200    00000025   00000000    rw- .data


SECTION ALLOCATION MAP

 output                                  attributes/
section   page    origin      length       input sections
--------  ----  ----------  ----------   ----------------
.intvecs   0    00000000    0000026c     
                  00000000    0000026c     adc_timer_uart_startup_ccs.obj (.intvecs)

.text      0    0000026c    00000ee0     
                  0000026c    000004dc     uartstdio.obj (.text)
                  00000748    000001c0     main.obj (.text)
                  00000908    00000132     driverlib.lib : gpio.obj (.text:GPIOPadConfigSet)
                  00000a3a    00000002     rtsv7M4_T_le_v4SPD16_eabi.lib : div0.asm.obj (.text)
                  00000a3c    00000110     driverlib.lib : sysctl.obj (.text:SysCtlClockGet)
                  00000b4c    000000f4                   : sysctl.obj (.text:SysCtlClockSet)
                  00000c40    0000009c     rtsv7M4_T_le_v4SPD16_eabi.lib : memcpy_t2.asm.obj (.text)
                  00000cdc    0000007a     driverlib.lib : adc.obj (.text:ADCSequenceStepConfigure)
                  00000d56    00000002     --HOLE-- [fill = 0]
                  00000d58    00000068                   : interrupt.obj (.text:IntEnable)
                  00000dc0    00000068     rtsv7M4_T_le_v4SPD16_eabi.lib : copy_decompress_lzss.c.obj (.text:decompress:lzss:__TI_decompress_lzss)
                  00000e28    00000060     driverlib.lib : timer.obj (.text:TimerConfigure)
                  00000e88    00000050                   : adc.obj (.text:ADCSequenceConfigure)
                  00000ed8    00000048                   : gpio.obj (.text:GPIOPinConfigure)
                  00000f20    00000044     rtsv7M4_T_le_v4SPD16_eabi.lib : autoinit.c.obj (.text:__TI_auto_init_nobinit_nopinit:__TI_auto_init_nobinit_nopinit)
                  00000f64    00000040                                   : u_divt2.asm.obj (.text)
                  00000fa4    00000034     driverlib.lib : sysctl.obj (.text:SysCtlPeripheralEnable)
                  00000fd8    00000034     rtsv7M4_T_le_v4SPD16_eabi.lib : boot_cortex_m.c.obj (.text:_c_int00_noargs:_c_int00_noargs)
                  0000100c    0000002e     driverlib.lib : adc.obj (.text:ADCIntStatus)
                  0000103a    0000002a                   : gpio.obj (.text:GPIODirModeSet)
                  00001064    0000001e                   : adc.obj (.text:ADCSequenceDataGet)
                  00001082    00000018                   : adc.obj (.text:ADCProcessorTrigger)
                  0000109a    00000012                   : gpio.obj (.text:GPIOPinTypeADC)
                  000010ac    00000012                   : gpio.obj (.text:GPIOPinTypeUART)
                  000010be    00000012                   : timer.obj (.text:TimerLoadSet)
                  000010d0    00000010                   : interrupt.obj (.text:IntMasterEnable)
                  000010e0    0000000e                   : adc.obj (.text:ADCSequenceEnable)
                  000010ee    0000000e                   : timer.obj (.text:TimerEnable)
                  000010fc    0000000e     rtsv7M4_T_le_v4SPD16_eabi.lib : copy_decompress_none.c.obj (.text:decompress:none:__TI_decompress_none)
                  0000110a    0000000c     driverlib.lib : cpu.obj (.text:CPUcpsie)
                  00001116    0000000c     adc_timer_uart_startup_ccs.obj (.text)
                  00001122    0000000a     driverlib.lib : adc.obj (.text:ADCIntClear)
                  0000112c    00000008                   : timer.obj (.text:TimerIntEnable)
                  00001134    00000006                   : sysctl.obj (.text:SysCtlDelay)
                  0000113a    00000006                   : uart.obj (.text:UARTClockSourceSet)
                  00001140    00000004                   : timer.obj (.text:TimerIntClear)
                  00001144    00000004     rtsv7M4_T_le_v4SPD16_eabi.lib : pre_init.c.obj (.text:_system_pre_init)
                  00001148    00000004                                   : exit.c.obj (.text:abort:abort)

.const     0    0000114c    0000019c     
                  0000114c    00000090     driverlib.lib : gpio.obj (.const:g_pui32GPIOBaseAddrs)
                  000011dc    00000070                   : interrupt.obj (.const)
                  0000124c    0000006c                   : sysctl.obj (.const:g_pui32Xtals)
                  000012b8    00000012     uartstdio.obj (.const:.string)
                  000012ca    00000002     --HOLE-- [fill = 0]
                  000012cc    0000000c     uartstdio.obj (.const:g_ui32UARTBase)
                  000012d8    0000000c     uartstdio.obj (.const:g_ui32UARTPeriph)
                  000012e4    00000004     uartstdio.obj (.const)

.cinit     0    000012e8    00000020     
                  000012e8    0000000e     (.cinit..data.load) [load image, compression = lzss]
                  000012f6    00000002     --HOLE-- [fill = 0]
                  000012f8    00000008     (__TI_handler_table)
                  00001300    00000008     (__TI_cinit_table)

.init_array 
*          0    00000000    00000000     UNINITIALIZED

.data      0    20000200    00000025     UNINITIALIZED
                  20000200    00000020     main.obj (.data)
                  20000220    00000005     uartstdio.obj (.data)

.stack     0    20000000    00000200     UNINITIALIZED
                  20000000    00000004     rtsv7M4_T_le_v4SPD16_eabi.lib : boot_cortex_m.c.obj (.stack)
                  20000004    000001fc     --HOLE--

__llvm_prf_cnts 
*          0    20000000    00000000     UNINITIALIZED

MODULE SUMMARY

       Module                           code   ro data   rw data
       ------                           ----   -------   -------
    .\
       uartstdio.obj                    1244   46        5      
       adc_timer_uart_startup_ccs.obj   12     620       0      
       main.obj                         448    0         32     
    +--+--------------------------------+------+---------+---------+
       Total:                           1704   666       37     
                                                                
    C:/ti/TivaWare_C_Series-2.1.4.178/driverlib/ccs/Debug/driverlib.lib
       sysctl.obj                       574    108       0      
       gpio.obj                         456    144       0      
       adc.obj                          326    0         0      
       interrupt.obj                    120    112       0      
       timer.obj                        140    0         0      
       cpu.obj                          12     0         0      
       uart.obj                         6      0         0      
    +--+--------------------------------+------+---------+---------+
       Total:                           1634   364       0      
                                                                
    C:\ti\ccs1220\ccs\tools\compiler\ti-cgt-arm_20.2.7.LTS\lib\rtsv7M4_T_le_v4SPD16_eabi.lib
       memcpy_t2.asm.obj                156    0         0      
       copy_decompress_lzss.c.obj       104    0         0      
       autoinit.c.obj                   68     0         0      
       u_divt2.asm.obj                  64     0         0      
       boot_cortex_m.c.obj              52     0         0      
       copy_decompress_none.c.obj       14     0         0      
       exit.c.obj                       4      0         0      
       pre_init.c.obj                   4      0         0      
       div0.asm.obj                     2      0         0      
    +--+--------------------------------+------+---------+---------+
       Total:                           468    0         0      
                                                                
       Stack:                           0      0         512    
       Linker Generated:                0      30        0      
    +--+--------------------------------+------+---------+---------+
       Grand Total:                     3806   1060      549    


LINKER GENERATED COPY TABLES

__TI_cinit_table @ 00001300 records: 1, size/record: 8, table size: 8
	.data: load addr=000012e8, load size=0000000e bytes, run addr=20000200, run size=00000025 bytes, compression=lzss


LINKER GENERATED HANDLER TABLE

__TI_handler_table @ 000012f8 records: 2, size/record: 4, table size: 8
	index: 0, handler: __TI_decompress_lzss
	index: 1, handler: __TI_decompress_none


GLOBAL SYMBOLS: SORTED ALPHABETICALLY BY Name 

address   name                          
-------   ----                          
00001123  ADCIntClear                   
0000100d  ADCIntStatus                  
00001083  ADCProcessorTrigger           
00000e89  ADCSequenceConfigure          
00001065  ADCSequenceDataGet            
000010e1  ADCSequenceEnable             
00000cdd  ADCSequenceStepConfigure      
00001149  C$$EXIT                       
0000110b  CPUcpsie                      
0000103b  GPIODirModeSet                
00000909  GPIOPadConfigSet              
00000ed9  GPIOPinConfigure              
0000109b  GPIOPinTypeADC                
000010ad  GPIOPinTypeUART               
000007f5  InitConsole                   
00000d59  IntEnable                     
000010d1  IntMasterEnable               
00001117  ResetISR                      
00000a3d  SysCtlClockGet                
00000b4d  SysCtlClockSet                
00001135  SysCtlDelay                   
00000fa5  SysCtlPeripheralEnable        
00000749  Timer0IntHandler              
00000e29  TimerConfigure                
000010ef  TimerEnable                   
00001141  TimerIntClear                 
0000112d  TimerIntEnable                
000010bf  TimerLoadSet                  
0000113b  UARTClockSourceSet            
0000026d  UARTStdioConfig               
000003e5  UARTgetc                      
0000031f  UARTgets                      
00000713  UARTprintf                    
00000419  UARTvprintf                   
000002cd  UARTwrite                     
20000200  __STACK_END                   
00000200  __STACK_SIZE                  
20000200  __STACK_TOP                   
00001300  __TI_CINIT_Base               
00001308  __TI_CINIT_Limit              
000012f8  __TI_Handler_Table_Base       
00001300  __TI_Handler_Table_Limit      
00000f21  __TI_auto_init_nobinit_nopinit
00000dc1  __TI_decompress_lzss          
000010fd  __TI_decompress_none          
ffffffff  __TI_pprof_out_hndl           
ffffffff  __TI_prof_data_size           
ffffffff  __TI_prof_data_start          
00000000  __TI_static_base__            
00000a3b  __aeabi_idiv0                 
00000a3b  __aeabi_ldiv0                 
00000c41  __aeabi_memcpy                
00000c41  __aeabi_memcpy4               
00000c41  __aeabi_memcpy8               
00000f65  __aeabi_uidiv                 
00000f65  __aeabi_uidivmod              
ffffffff  __binit__                     
ffffffff  __c_args__                    
UNDEFED   __mpu_init                    
20000000  __stack                       
20000000  __start___llvm_prf_cnts       
20000000  __stop___llvm_prf_cnts        
00000fd9  _c_int00_noargs               
UNDEFED   _system_post_cinit            
00001145  _system_pre_init              
00001149  abort                         
20000200  bandera                       
ffffffff  binit                         
00000000  g_pfnVectors                  
2000021c  lambda                        
00000831  main                          
00000c41  memcpy                        
20000204  x_n                           
20000208  x_n_1                         
2000020c  y1_n                          
20000210  y1_n_1                        
20000214  y2_n                          
20000218  y2_n_1                        


GLOBAL SYMBOLS: SORTED BY Symbol Address 

address   name                          
-------   ----                          
00000000  __TI_static_base__            
00000000  g_pfnVectors                  
00000200  __STACK_SIZE                  
0000026d  UARTStdioConfig               
000002cd  UARTwrite                     
0000031f  UARTgets                      
000003e5  UARTgetc                      
00000419  UARTvprintf                   
00000713  UARTprintf                    
00000749  Timer0IntHandler              
000007f5  InitConsole                   
00000831  main                          
00000909  GPIOPadConfigSet              
00000a3b  __aeabi_idiv0                 
00000a3b  __aeabi_ldiv0                 
00000a3d  SysCtlClockGet                
00000b4d  SysCtlClockSet                
00000c41  __aeabi_memcpy                
00000c41  __aeabi_memcpy4               
00000c41  __aeabi_memcpy8               
00000c41  memcpy                        
00000cdd  ADCSequenceStepConfigure      
00000d59  IntEnable                     
00000dc1  __TI_decompress_lzss          
00000e29  TimerConfigure                
00000e89  ADCSequenceConfigure          
00000ed9  GPIOPinConfigure              
00000f21  __TI_auto_init_nobinit_nopinit
00000f65  __aeabi_uidiv                 
00000f65  __aeabi_uidivmod              
00000fa5  SysCtlPeripheralEnable        
00000fd9  _c_int00_noargs               
0000100d  ADCIntStatus                  
0000103b  GPIODirModeSet                
00001065  ADCSequenceDataGet            
00001083  ADCProcessorTrigger           
0000109b  GPIOPinTypeADC                
000010ad  GPIOPinTypeUART               
000010bf  TimerLoadSet                  
000010d1  IntMasterEnable               
000010e1  ADCSequenceEnable             
000010ef  TimerEnable                   
000010fd  __TI_decompress_none          
0000110b  CPUcpsie                      
00001117  ResetISR                      
00001123  ADCIntClear                   
0000112d  TimerIntEnable                
00001135  SysCtlDelay                   
0000113b  UARTClockSourceSet            
00001141  TimerIntClear                 
00001145  _system_pre_init              
00001149  C$$EXIT                       
00001149  abort                         
000012f8  __TI_Handler_Table_Base       
00001300  __TI_CINIT_Base               
00001300  __TI_Handler_Table_Limit      
00001308  __TI_CINIT_Limit              
20000000  __stack                       
20000000  __start___llvm_prf_cnts       
20000000  __stop___llvm_prf_cnts        
20000200  __STACK_END                   
20000200  __STACK_TOP                   
20000200  bandera                       
20000204  x_n                           
20000208  x_n_1                         
2000020c  y1_n                          
20000210  y1_n_1                        
20000214  y2_n                          
20000218  y2_n_1                        
2000021c  lambda                        
ffffffff  __TI_pprof_out_hndl           
ffffffff  __TI_prof_data_size           
ffffffff  __TI_prof_data_start          
ffffffff  __binit__                     
ffffffff  __c_args__                    
ffffffff  binit                         
UNDEFED   __mpu_init                    
UNDEFED   _system_post_cinit            

[78 symbols]
