******************************************************************************
                  TI ARM Linker PC v20.2.7                     
******************************************************************************
>> Linked Sat May  6 11:11:03 2023

OUTPUT FILE NAME:   <Proyecto.out>
ENTRY POINT SYMBOL: "_c_int00_noargs"  address: 000010ad


MEMORY CONFIGURATION

         name            origin    length      used     unused   attr    fill
----------------------  --------  ---------  --------  --------  ----  --------
  FLASH                 00000000   00040000  0000141c  0003ebe4  R  X
  SRAM                  20000000   00008000  00000225  00007ddb  RW X


SEGMENT ALLOCATION MAP

run origin  load origin   length   init length attrs members
----------  ----------- ---------- ----------- ----- -------
00000000    00000000    00001420   00001420    r-x
  00000000    00000000    0000026c   0000026c    r-- .intvecs
  0000026c    0000026c    00000ff4   00000ff4    r-x .text
  00001260    00001260    0000019c   0000019c    r-- .const
  00001400    00001400    00000020   00000020    r-- .cinit
20000000    20000000    00000225   00000000    rw-
  20000000    20000000    00000200   00000000    rw- .stack
  20000200    20000200    00000025   00000000    rw- .data


SECTION ALLOCATION MAP

 output                                  attributes/
section   page    origin      length       input sections
--------  ----  ----------  ----------   ----------------
.intvecs   0    00000000    0000026c     
                  00000000    0000026c     adc_timer_uart_startup_ccs.obj (.intvecs)

.text      0    0000026c    00000ff4     
                  0000026c    000004dc     uartstdio.obj (.text)
                  00000748    00000258     main.obj (.text)
                  000009a0    00000132     driverlib.lib : gpio.obj (.text:GPIOPadConfigSet)
                  00000ad2    00000002     rtsv7M4_T_le_v4SPD16_eabi.lib : div0.asm.obj (.text)
                  00000ad4    00000110     driverlib.lib : sysctl.obj (.text:SysCtlClockGet)
                  00000be4    000000f4                   : sysctl.obj (.text:SysCtlClockSet)
                  00000cd8    0000009c     rtsv7M4_T_le_v4SPD16_eabi.lib : memcpy_t2.asm.obj (.text)
                  00000d74    0000007a     driverlib.lib : adc.obj (.text:ADCSequenceStepConfigure)
                  00000dee    00000002     --HOLE-- [fill = 0]
                  00000df0    00000068                   : interrupt.obj (.text:IntEnable)
                  00000e58    00000068     rtsv7M4_T_le_v4SPD16_eabi.lib : copy_decompress_lzss.c.obj (.text:decompress:lzss:__TI_decompress_lzss)
                  00000ec0    00000060     driverlib.lib : timer.obj (.text:TimerConfigure)
                  00000f20    00000050                   : adc.obj (.text:ADCSequenceConfigure)
                  00000f70    00000048                   : gpio.obj (.text:GPIOPinConfigure)
                  00000fb8    00000044     rtsv7M4_T_le_v4SPD16_eabi.lib : autoinit.c.obj (.text:__TI_auto_init_nobinit_nopinit:__TI_auto_init_nobinit_nopinit)
                  00000ffc    00000040                                   : u_divt2.asm.obj (.text)
                  0000103c    0000003c     driverlib.lib : ssi.obj (.text:SSIConfigSetExpClk)
                  00001078    00000034                   : sysctl.obj (.text:SysCtlPeripheralEnable)
                  000010ac    00000034     rtsv7M4_T_le_v4SPD16_eabi.lib : boot_cortex_m.c.obj (.text:_c_int00_noargs:_c_int00_noargs)
                  000010e0    0000002e     driverlib.lib : adc.obj (.text:ADCIntStatus)
                  0000110e    0000002a                   : gpio.obj (.text:GPIODirModeSet)
                  00001138    0000001e                   : adc.obj (.text:ADCSequenceDataGet)
                  00001156    00000018                   : adc.obj (.text:ADCProcessorTrigger)
                  0000116e    00000012                   : gpio.obj (.text:GPIOPinTypeADC)
                  00001180    00000012                   : gpio.obj (.text:GPIOPinTypeSSI)
                  00001192    00000012                   : gpio.obj (.text:GPIOPinTypeUART)
                  000011a4    00000012                   : ssi.obj (.text:SSIDataGetNonBlocking)
                  000011b6    00000012                   : timer.obj (.text:TimerLoadSet)
                  000011c8    00000010                   : interrupt.obj (.text:IntMasterEnable)
                  000011d8    0000000e                   : adc.obj (.text:ADCSequenceEnable)
                  000011e6    0000000e                   : timer.obj (.text:TimerEnable)
                  000011f4    0000000e     rtsv7M4_T_le_v4SPD16_eabi.lib : copy_decompress_none.c.obj (.text:decompress:none:__TI_decompress_none)
                  00001202    0000000c     driverlib.lib : cpu.obj (.text:CPUcpsie)
                  0000120e    0000000c     adc_timer_uart_startup_ccs.obj (.text)
                  0000121a    0000000a     driverlib.lib : adc.obj (.text:ADCIntClear)
                  00001224    0000000a                   : ssi.obj (.text:SSIDataPut)
                  0000122e    0000000a                   : ssi.obj (.text:SSIEnable)
                  00001238    00000008                   : ssi.obj (.text:SSIBusy)
                  00001240    00000008                   : timer.obj (.text:TimerIntEnable)
                  00001248    00000006                   : sysctl.obj (.text:SysCtlDelay)
                  0000124e    00000006                   : uart.obj (.text:UARTClockSourceSet)
                  00001254    00000004                   : timer.obj (.text:TimerIntClear)
                  00001258    00000004     rtsv7M4_T_le_v4SPD16_eabi.lib : pre_init.c.obj (.text:_system_pre_init)
                  0000125c    00000004                                   : exit.c.obj (.text:abort:abort)

.const     0    00001260    0000019c     
                  00001260    00000090     driverlib.lib : gpio.obj (.const:g_pui32GPIOBaseAddrs)
                  000012f0    00000070                   : interrupt.obj (.const)
                  00001360    0000006c                   : sysctl.obj (.const:g_pui32Xtals)
                  000013cc    00000012     uartstdio.obj (.const:.string)
                  000013de    00000002     --HOLE-- [fill = 0]
                  000013e0    0000000c     uartstdio.obj (.const:g_ui32UARTBase)
                  000013ec    0000000c     uartstdio.obj (.const:g_ui32UARTPeriph)
                  000013f8    00000004     uartstdio.obj (.const)

.cinit     0    00001400    00000020     
                  00001400    0000000e     (.cinit..data.load) [load image, compression = lzss]
                  0000140e    00000002     --HOLE-- [fill = 0]
                  00001410    00000008     (__TI_handler_table)
                  00001418    00000008     (__TI_cinit_table)

.init_array 
*          0    00000000    00000000     UNINITIALIZED

.data      0    20000200    00000025     UNINITIALIZED
                  20000200    00000020     main.obj (.data)
                  20000220    00000005     uartstdio.obj (.data)

.stack     0    20000000    00000200     UNINITIALIZED
                  20000000    00000004     rtsv7M4_T_le_v4SPD16_eabi.lib : boot_cortex_m.c.obj (.stack)
                  20000004    000001fc     --HOLE--

__llvm_prf_cnts 
*          0    20000000    00000000     UNINITIALIZED

MODULE SUMMARY

       Module                           code   ro data   rw data
       ------                           ----   -------   -------
    .\
       uartstdio.obj                    1244   46        5      
       adc_timer_uart_startup_ccs.obj   12     620       0      
       main.obj                         600    0         32     
    +--+--------------------------------+------+---------+---------+
       Total:                           1856   666       37     
                                                                
    C:/ti/TivaWare_C_Series-2.1.4.178/driverlib/ccs/Debug/driverlib.lib
       sysctl.obj                       574    108       0      
       gpio.obj                         474    144       0      
       adc.obj                          326    0         0      
       interrupt.obj                    120    112       0      
       timer.obj                        140    0         0      
       ssi.obj                          106    0         0      
       cpu.obj                          12     0         0      
       uart.obj                         6      0         0      
    +--+--------------------------------+------+---------+---------+
       Total:                           1758   364       0      
                                                                
    C:\ti\ccs1220\ccs\tools\compiler\ti-cgt-arm_20.2.7.LTS\lib\rtsv7M4_T_le_v4SPD16_eabi.lib
       memcpy_t2.asm.obj                156    0         0      
       copy_decompress_lzss.c.obj       104    0         0      
       autoinit.c.obj                   68     0         0      
       u_divt2.asm.obj                  64     0         0      
       boot_cortex_m.c.obj              52     0         0      
       copy_decompress_none.c.obj       14     0         0      
       exit.c.obj                       4      0         0      
       pre_init.c.obj                   4      0         0      
       div0.asm.obj                     2      0         0      
    +--+--------------------------------+------+---------+---------+
       Total:                           468    0         0      
                                                                
       Stack:                           0      0         512    
       Linker Generated:                0      30        0      
    +--+--------------------------------+------+---------+---------+
       Grand Total:                     4082   1060      549    


LINKER GENERATED COPY TABLES

__TI_cinit_table @ 00001418 records: 1, size/record: 8, table size: 8
	.data: load addr=00001400, load size=0000000e bytes, run addr=20000200, run size=00000025 bytes, compression=lzss


LINKER GENERATED HANDLER TABLE

__TI_handler_table @ 00001410 records: 2, size/record: 4, table size: 8
	index: 0, handler: __TI_decompress_lzss
	index: 1, handler: __TI_decompress_none


GLOBAL SYMBOLS: SORTED ALPHABETICALLY BY Name 

address   name                          
-------   ----                          
0000121b  ADCIntClear                   
000010e1  ADCIntStatus                  
00001157  ADCProcessorTrigger           
00000f21  ADCSequenceConfigure          
00001139  ADCSequenceDataGet            
000011d9  ADCSequenceEnable             
00000d75  ADCSequenceStepConfigure      
0000125d  C$$EXIT                       
00001203  CPUcpsie                      
0000110f  GPIODirModeSet                
000009a1  GPIOPadConfigSet              
00000f71  GPIOPinConfigure              
0000116f  GPIOPinTypeADC                
00001181  GPIOPinTypeSSI                
00001193  GPIOPinTypeUART               
00000825  InitConsole                   
00000df1  IntEnable                     
000011c9  IntMasterEnable               
0000120f  ResetISR                      
00001239  SSIBusy                       
0000103d  SSIConfigSetExpClk            
000011a5  SSIDataGetNonBlocking         
00001225  SSIDataPut                    
0000122f  SSIEnable                     
00000ad5  SysCtlClockGet                
00000be5  SysCtlClockSet                
00001249  SysCtlDelay                   
00001079  SysCtlPeripheralEnable        
00000749  Timer0IntHandler              
00000ec1  TimerConfigure                
000011e7  TimerEnable                   
00001255  TimerIntClear                 
00001241  TimerIntEnable                
000011b7  TimerLoadSet                  
0000124f  UARTClockSourceSet            
0000026d  UARTStdioConfig               
000003e5  UARTgetc                      
0000031f  UARTgets                      
00000713  UARTprintf                    
00000419  UARTvprintf                   
000002cd  UARTwrite                     
20000200  __STACK_END                   
00000200  __STACK_SIZE                  
20000200  __STACK_TOP                   
00001418  __TI_CINIT_Base               
00001420  __TI_CINIT_Limit              
00001410  __TI_Handler_Table_Base       
00001418  __TI_Handler_Table_Limit      
00000fb9  __TI_auto_init_nobinit_nopinit
00000e59  __TI_decompress_lzss          
000011f5  __TI_decompress_none          
ffffffff  __TI_pprof_out_hndl           
ffffffff  __TI_prof_data_size           
ffffffff  __TI_prof_data_start          
00000000  __TI_static_base__            
00000ad3  __aeabi_idiv0                 
00000ad3  __aeabi_ldiv0                 
00000cd9  __aeabi_memcpy                
00000cd9  __aeabi_memcpy4               
00000cd9  __aeabi_memcpy8               
00000ffd  __aeabi_uidiv                 
00000ffd  __aeabi_uidivmod              
ffffffff  __binit__                     
ffffffff  __c_args__                    
UNDEFED   __mpu_init                    
20000000  __stack                       
20000000  __start___llvm_prf_cnts       
20000000  __stop___llvm_prf_cnts        
000010ad  _c_int00_noargs               
UNDEFED   _system_post_cinit            
00001259  _system_pre_init              
0000125d  abort                         
20000200  bandera                       
ffffffff  binit                         
00000000  g_pfnVectors                  
2000021c  lambda                        
00000861  main                          
00000cd9  memcpy                        
20000204  x_n                           
20000208  x_n_1                         
2000020c  y1_n                          
20000210  y1_n_1                        
20000214  y2_n                          
20000218  y2_n_1                        


GLOBAL SYMBOLS: SORTED BY Symbol Address 

address   name                          
-------   ----                          
00000000  __TI_static_base__            
00000000  g_pfnVectors                  
00000200  __STACK_SIZE                  
0000026d  UARTStdioConfig               
000002cd  UARTwrite                     
0000031f  UARTgets                      
000003e5  UARTgetc                      
00000419  UARTvprintf                   
00000713  UARTprintf                    
00000749  Timer0IntHandler              
00000825  InitConsole                   
00000861  main                          
000009a1  GPIOPadConfigSet              
00000ad3  __aeabi_idiv0                 
00000ad3  __aeabi_ldiv0                 
00000ad5  SysCtlClockGet                
00000be5  SysCtlClockSet                
00000cd9  __aeabi_memcpy                
00000cd9  __aeabi_memcpy4               
00000cd9  __aeabi_memcpy8               
00000cd9  memcpy                        
00000d75  ADCSequenceStepConfigure      
00000df1  IntEnable                     
00000e59  __TI_decompress_lzss          
00000ec1  TimerConfigure                
00000f21  ADCSequenceConfigure          
00000f71  GPIOPinConfigure              
00000fb9  __TI_auto_init_nobinit_nopinit
00000ffd  __aeabi_uidiv                 
00000ffd  __aeabi_uidivmod              
0000103d  SSIConfigSetExpClk            
00001079  SysCtlPeripheralEnable        
000010ad  _c_int00_noargs               
000010e1  ADCIntStatus                  
0000110f  GPIODirModeSet                
00001139  ADCSequenceDataGet            
00001157  ADCProcessorTrigger           
0000116f  GPIOPinTypeADC                
00001181  GPIOPinTypeSSI                
00001193  GPIOPinTypeUART               
000011a5  SSIDataGetNonBlocking         
000011b7  TimerLoadSet                  
000011c9  IntMasterEnable               
000011d9  ADCSequenceEnable             
000011e7  TimerEnable                   
000011f5  __TI_decompress_none          
00001203  CPUcpsie                      
0000120f  ResetISR                      
0000121b  ADCIntClear                   
00001225  SSIDataPut                    
0000122f  SSIEnable                     
00001239  SSIBusy                       
00001241  TimerIntEnable                
00001249  SysCtlDelay                   
0000124f  UARTClockSourceSet            
00001255  TimerIntClear                 
00001259  _system_pre_init              
0000125d  C$$EXIT                       
0000125d  abort                         
00001410  __TI_Handler_Table_Base       
00001418  __TI_CINIT_Base               
00001418  __TI_Handler_Table_Limit      
00001420  __TI_CINIT_Limit              
20000000  __stack                       
20000000  __start___llvm_prf_cnts       
20000000  __stop___llvm_prf_cnts        
20000200  __STACK_END                   
20000200  __STACK_TOP                   
20000200  bandera                       
20000204  x_n                           
20000208  x_n_1                         
2000020c  y1_n                          
20000210  y1_n_1                        
20000214  y2_n                          
20000218  y2_n_1                        
2000021c  lambda                        
ffffffff  __TI_pprof_out_hndl           
ffffffff  __TI_prof_data_size           
ffffffff  __TI_prof_data_start          
ffffffff  __binit__                     
ffffffff  __c_args__                    
ffffffff  binit                         
UNDEFED   __mpu_init                    
UNDEFED   _system_post_cinit            

[84 symbols]
