******************************************************************************
                  TI ARM Linker PC v20.2.7                     
******************************************************************************
>> Linked Fri Nov 17 17:24:18 2023

OUTPUT FILE NAME:   <Proyecto3_Digital.out>
ENTRY POINT SYMBOL: "_c_int00_noargs"  address: 00000bed


MEMORY CONFIGURATION

         name            origin    length      used     unused   attr    fill
----------------------  --------  ---------  --------  --------  ----  --------
  FLASH                 00000000   00040000  00000da8  0003f258  R  X
  SRAM                  20000000   00008000  00000226  00007dda  RW X


SEGMENT ALLOCATION MAP

run origin  load origin   length   init length attrs members
----------  ----------- ---------- ----------- ----- -------
00000000    00000000    00000da8   00000da8    r-x
  00000000    00000000    00000264   00000264    r-- .intvecs
  00000264    00000264    00000aa8   00000aa8    r-x .text
  00000d0c    00000d0c    0000006c   0000006c    r-- .const
  00000d78    00000d78    00000030   00000030    r-- .cinit
20000000    20000000    00000226   00000000    rw-
  20000000    20000000    00000200   00000000    rw- .stack
  20000200    20000200    00000025   00000000    rw- .bss
  20000225    20000225    00000001   00000000    rw- .data


SECTION ALLOCATION MAP

 output                                  attributes/
section   page    origin      length       input sections
--------  ----  ----------  ----------   ----------------
.intvecs   0    00000000    00000264     
                  00000000    00000264     adc_timer_uart2vias_spi_startup_ccs.obj (.intvecs)

.text      0    00000264    00000aa8     
                  00000264    0000048c     main.obj (.text)
                  000006f0    00000132     driverlib.lib : gpio.obj (.text:GPIOPadConfigSet)
                  00000822    00000002     --HOLE-- [fill = 0]
                  00000824    00000110                   : sysctl.obj (.text:SysCtlClockGet)
                  00000934    000000f4                   : sysctl.obj (.text:SysCtlClockSet)
                  00000a28    0000009c     rtsv7M4_T_le_v4SPD16_eabi.lib : memcpy_t2.asm.obj (.text)
                  00000ac4    00000068                                   : copy_decompress_lzss.c.obj (.text:decompress:lzss:__TI_decompress_lzss)
                  00000b2c    00000046     driverlib.lib : uart.obj (.text:UARTConfigSetExpClk)
                  00000b72    00000002     --HOLE-- [fill = 0]
                  00000b74    00000044     rtsv7M4_T_le_v4SPD16_eabi.lib : autoinit.c.obj (.text:__TI_auto_init_nobinit_nopinit:__TI_auto_init_nobinit_nopinit)
                  00000bb8    00000034     driverlib.lib : sysctl.obj (.text:SysCtlPeripheralEnable)
                  00000bec    00000034     rtsv7M4_T_le_v4SPD16_eabi.lib : boot_cortex_m.c.obj (.text:_c_int00_noargs:_c_int00_noargs)
                  00000c20    0000002a     driverlib.lib : gpio.obj (.text:GPIODirModeSet)
                  00000c4a    00000002     --HOLE-- [fill = 0]
                  00000c4c    00000020                   : uart.obj (.text:UARTDisable)
                  00000c6c    0000001c     rtsv7M4_T_le_v4SPD16_eabi.lib : copy_zero_init.c.obj (.text:decompress:ZI:__TI_zero_init_nomemset:__TI_zero_init_nomemset)
                  00000c88    00000018     driverlib.lib : gpio.obj (.text:GPIOPinTypeGPIOOutput)
                  00000ca0    00000014                   : uart.obj (.text:UARTEnable)
                  00000cb4    00000012                   : gpio.obj (.text:GPIOPinTypeGPIOInput)
                  00000cc6    00000012                   : gpio.obj (.text:GPIOPinTypeUART)
                  00000cd8    0000000e     rtsv7M4_T_le_v4SPD16_eabi.lib : copy_decompress_none.c.obj (.text:decompress:none:__TI_decompress_none)
                  00000ce6    0000000c     adc_timer_uart2vias_spi_startup_ccs.obj (.text)
                  00000cf2    00000006     driverlib.lib : gpio.obj (.text:GPIOPinRead)
                  00000cf8    00000006                   : gpio.obj (.text:GPIOPinWrite)
                  00000cfe    00000006                   : sysctl.obj (.text:SysCtlDelay)
                  00000d04    00000004     rtsv7M4_T_le_v4SPD16_eabi.lib : pre_init.c.obj (.text:_system_pre_init)
                  00000d08    00000004                                   : exit.c.obj (.text:abort:abort)

.const     0    00000d0c    0000006c     
                  00000d0c    0000006c     driverlib.lib : sysctl.obj (.const:g_pui32Xtals)

.cinit     0    00000d78    00000030     
                  00000d78    0000000c     (__TI_handler_table)
                  00000d84    00000004     --HOLE-- [fill = 0]
                  00000d88    00000008     (.cinit..bss.load) [load image, compression = zero_init]
                  00000d90    00000005     (.cinit..data.load) [load image, compression = lzss]
                  00000d95    00000003     --HOLE-- [fill = 0]
                  00000d98    00000010     (__TI_cinit_table)

.init_array 
*          0    00000000    00000000     UNINITIALIZED

.bss       0    20000200    00000025     UNINITIALIZED
                  20000200    00000004     (.common:bandera1)
                  20000204    00000004     (.common:bandera2)
                  20000208    00000004     (.common:bandera3)
                  2000020c    00000004     (.common:bandera4)
                  20000210    00000004     (.common:push1)
                  20000214    00000004     (.common:push2)
                  20000218    00000004     (.common:push3)
                  2000021c    00000004     (.common:push4)
                  20000220    00000004     (.common:suma)
                  20000224    00000001     (.common:banderac)

.data      0    20000225    00000001     UNINITIALIZED
                  20000225    00000001     main.obj (.data)

.stack     0    20000000    00000200     UNINITIALIZED
                  20000000    00000004     rtsv7M4_T_le_v4SPD16_eabi.lib : boot_cortex_m.c.obj (.stack)
                  20000004    000001fc     --HOLE--

__llvm_prf_cnts 
*          0    20000000    00000000     UNINITIALIZED

MODULE SUMMARY

       Module                                    code   ro data   rw data
       ------                                    ----   -------   -------
    .\
       main.obj                                  1164   0         38     
       adc_timer_uart2vias_spi_startup_ccs.obj   12     612       0      
    +--+-----------------------------------------+------+---------+---------+
       Total:                                    1176   612       38     
                                                                         
    C:/ti/TivaWare_C_Series-2.1.4.178/driverlib/ccs/Debug/driverlib.lib
       sysctl.obj                                574    108       0      
       gpio.obj                                  420    0         0      
       uart.obj                                  122    0         0      
    +--+-----------------------------------------+------+---------+---------+
       Total:                                    1116   108       0      
                                                                         
    C:\ti\ccs1220\ccs\tools\compiler\ti-cgt-arm_20.2.7.LTS\lib\rtsv7M4_T_le_v4SPD16_eabi.lib
       memcpy_t2.asm.obj                         156    0         0      
       copy_decompress_lzss.c.obj                104    0         0      
       autoinit.c.obj                            68     0         0      
       boot_cortex_m.c.obj                       52     0         0      
       copy_zero_init.c.obj                      28     0         0      
       copy_decompress_none.c.obj                14     0         0      
       exit.c.obj                                4      0         0      
       pre_init.c.obj                            4      0         0      
    +--+-----------------------------------------+------+---------+---------+
       Total:                                    430    0         0      
                                                                         
       Stack:                                    0      0         512    
       Linker Generated:                         0      41        0      
    +--+-----------------------------------------+------+---------+---------+
       Grand Total:                              2722   761       550    


LINKER GENERATED COPY TABLES

__TI_cinit_table @ 00000d98 records: 2, size/record: 8, table size: 16
	.bss: load addr=00000d88, load size=00000008 bytes, run addr=20000200, run size=00000025 bytes, compression=zero_init
	.data: load addr=00000d90, load size=00000005 bytes, run addr=20000225, run size=00000001 bytes, compression=lzss


LINKER GENERATED HANDLER TABLE

__TI_handler_table @ 00000d78 records: 3, size/record: 4, table size: 12
	index: 0, handler: __TI_decompress_lzss
	index: 1, handler: __TI_decompress_none
	index: 2, handler: __TI_zero_init


GLOBAL SYMBOLS: SORTED ALPHABETICALLY BY Name 

address   name                          
-------   ----                          
00000d09  C$$EXIT                       
00000c21  GPIODirModeSet                
000006f1  GPIOPadConfigSet              
00000cf3  GPIOPinRead                   
00000cb5  GPIOPinTypeGPIOInput          
00000c89  GPIOPinTypeGPIOOutput         
00000cc7  GPIOPinTypeUART               
00000cf9  GPIOPinWrite                  
00000287  InitUART                      
00000ce7  ResetISR                      
00000825  SysCtlClockGet                
00000935  SysCtlClockSet                
00000cff  SysCtlDelay                   
00000bb9  SysCtlPeripheralEnable        
00000b2d  UARTConfigSetExpClk           
00000c4d  UARTDisable                   
00000ca1  UARTEnable                    
20000200  __STACK_END                   
00000200  __STACK_SIZE                  
20000200  __STACK_TOP                   
00000d98  __TI_CINIT_Base               
00000da8  __TI_CINIT_Limit              
00000d78  __TI_Handler_Table_Base       
00000d84  __TI_Handler_Table_Limit      
00000b75  __TI_auto_init_nobinit_nopinit
00000ac5  __TI_decompress_lzss          
00000cd9  __TI_decompress_none          
ffffffff  __TI_pprof_out_hndl           
ffffffff  __TI_prof_data_size           
ffffffff  __TI_prof_data_start          
00000000  __TI_static_base__            
00000c6d  __TI_zero_init_nomemset       
00000a29  __aeabi_memcpy                
00000a29  __aeabi_memcpy4               
00000a29  __aeabi_memcpy8               
ffffffff  __binit__                     
ffffffff  __c_args__                    
UNDEFED   __mpu_init                    
20000000  __stack                       
20000000  __start___llvm_prf_cnts       
20000000  __stop___llvm_prf_cnts        
00000bed  _c_int00_noargs               
UNDEFED   _system_post_cinit            
00000d05  _system_pre_init              
00000d09  abort                         
20000200  bandera1                      
20000204  bandera2                      
20000208  bandera3                      
2000020c  bandera4                      
20000224  banderac                      
ffffffff  binit                         
00000489  display                       
00000000  g_pfnVectors                  
20000225  indicadorP                    
00000651  initGPIOF                     
00000265  main                          
00000a29  memcpy                        
000002b1  parqueo                       
20000210  push1                         
20000214  push2                         
20000218  push3                         
2000021c  push4                         
20000220  suma                          


GLOBAL SYMBOLS: SORTED BY Symbol Address 

address   name                          
-------   ----                          
00000000  __TI_static_base__            
00000000  g_pfnVectors                  
00000200  __STACK_SIZE                  
00000265  main                          
00000287  InitUART                      
000002b1  parqueo                       
00000489  display                       
00000651  initGPIOF                     
000006f1  GPIOPadConfigSet              
00000825  SysCtlClockGet                
00000935  SysCtlClockSet                
00000a29  __aeabi_memcpy                
00000a29  __aeabi_memcpy4               
00000a29  __aeabi_memcpy8               
00000a29  memcpy                        
00000ac5  __TI_decompress_lzss          
00000b2d  UARTConfigSetExpClk           
00000b75  __TI_auto_init_nobinit_nopinit
00000bb9  SysCtlPeripheralEnable        
00000bed  _c_int00_noargs               
00000c21  GPIODirModeSet                
00000c4d  UARTDisable                   
00000c6d  __TI_zero_init_nomemset       
00000c89  GPIOPinTypeGPIOOutput         
00000ca1  UARTEnable                    
00000cb5  GPIOPinTypeGPIOInput          
00000cc7  GPIOPinTypeUART               
00000cd9  __TI_decompress_none          
00000ce7  ResetISR                      
00000cf3  GPIOPinRead                   
00000cf9  GPIOPinWrite                  
00000cff  SysCtlDelay                   
00000d05  _system_pre_init              
00000d09  C$$EXIT                       
00000d09  abort                         
00000d78  __TI_Handler_Table_Base       
00000d84  __TI_Handler_Table_Limit      
00000d98  __TI_CINIT_Base               
00000da8  __TI_CINIT_Limit              
20000000  __stack                       
20000000  __start___llvm_prf_cnts       
20000000  __stop___llvm_prf_cnts        
20000200  __STACK_END                   
20000200  __STACK_TOP                   
20000200  bandera1                      
20000204  bandera2                      
20000208  bandera3                      
2000020c  bandera4                      
20000210  push1                         
20000214  push2                         
20000218  push3                         
2000021c  push4                         
20000220  suma                          
20000224  banderac                      
20000225  indicadorP                    
ffffffff  __TI_pprof_out_hndl           
ffffffff  __TI_prof_data_size           
ffffffff  __TI_prof_data_start          
ffffffff  __binit__                     
ffffffff  __c_args__                    
ffffffff  binit                         
UNDEFED   __mpu_init                    
UNDEFED   _system_post_cinit            

[63 symbols]
