******************************************************************************
                  TI ARM Linker PC v20.2.7                     
******************************************************************************
>> Linked Sat May 27 11:26:07 2023

OUTPUT FILE NAME:   <Proyecto2_Señales.out>
ENTRY POINT SYMBOL: "_c_int00_noargs"  address: 00001ea5


MEMORY CONFIGURATION

         name            origin    length      used     unused   attr    fill
----------------------  --------  ---------  --------  --------  ----  --------
  FLASH                 00000000   00040000  000024b4  0003db4c  R  X
  SRAM                  20000000   00008000  000002a8  00007d58  RW X


SEGMENT ALLOCATION MAP

run origin  load origin   length   init length attrs members
----------  ----------- ---------- ----------- ----- -------
00000000    00000000    000024b8   000024b8    r-x
  00000000    00000000    0000026c   0000026c    r-- .intvecs
  0000026c    0000026c    00001eb0   00001eb0    r-x .text
  00002120    00002120    00000368   00000368    r-- .const
  00002488    00002488    00000030   00000030    r-- .cinit
20000000    20000000    000002a8   00000000    rw-
  20000000    20000000    00000200   00000000    rw- .stack
  20000200    20000200    00000060   00000000    rw- .data
  20000260    20000260    00000048   00000000    rw- .bss


SECTION ALLOCATION MAP

 output                                  attributes/
section   page    origin      length       input sections
--------  ----  ----------  ----------   ----------------
.intvecs   0    00000000    0000026c     
                  00000000    0000026c     adc_timer_uart2vias_spi_startup_ccs.obj (.intvecs)

.text      0    0000026c    00001eb0     
                  0000026c    00000604     main.obj (.text)
                  00000870    000004dc     uartstdio.obj (.text)
                  00000d4c    00000460     rtsv7M4_T_le_v4SPD16_eabi.lib : strtod.c.obj (.text:strtod)
                  000011ac    000001b6                                   : fd_add_t2.asm.obj (.text)
                  00001362    00000136                                   : fd_div_t2.asm.obj (.text)
                  00001498    00000132     driverlib.lib : gpio.obj (.text:GPIOPadConfigSet)
                  000015ca    00000002     rtsv7M4_T_le_v4SPD16_eabi.lib : div0.asm.obj (.text)
                  000015cc    00000110     driverlib.lib : sysctl.obj (.text:SysCtlClockGet)
                  000016dc    00000110     rtsv7M4_T_le_v4SPD16_eabi.lib : s_scalbn.c.obj (.text:scalbn)
                  000017ec    000000fc                                   : fd_mul_t2.asm.obj (.text)
                  000018e8    000000f4     driverlib.lib : sysctl.obj (.text:SysCtlClockSet)
                  000019dc    0000009c     rtsv7M4_T_le_v4SPD16_eabi.lib : memcpy_t2.asm.obj (.text)
                  00001a78    00000086                                   : fd_cmp_t2.asm.obj (.text:__aeabi_cdcmple)
                  00001afe    0000007a     driverlib.lib : adc.obj (.text:ADCSequenceStepConfigure)
                  00001b78    0000006e     rtsv7M4_T_le_v4SPD16_eabi.lib : fd_tos_t2.asm.obj (.text)
                  00001be6    00000002     --HOLE-- [fill = 0]
                  00001be8    00000068     driverlib.lib : interrupt.obj (.text:IntEnable)
                  00001c50    00000068     rtsv7M4_T_le_v4SPD16_eabi.lib : copy_decompress_lzss.c.obj (.text:decompress:lzss:__TI_decompress_lzss)
                  00001cb8    00000060     driverlib.lib : timer.obj (.text:TimerConfigure)
                  00001d18    00000050                   : adc.obj (.text:ADCSequenceConfigure)
                  00001d68    00000048                   : gpio.obj (.text:GPIOPinConfigure)
                  00001db0    00000044     rtsv7M4_T_le_v4SPD16_eabi.lib : autoinit.c.obj (.text:__TI_auto_init_nobinit_nopinit:__TI_auto_init_nobinit_nopinit)
                  00001df4    00000040                                   : u_divt2.asm.obj (.text)
                  00001e34    0000003c     driverlib.lib : ssi.obj (.text:SSIConfigSetExpClk)
                  00001e70    00000034                   : sysctl.obj (.text:SysCtlPeripheralEnable)
                  00001ea4    00000034     rtsv7M4_T_le_v4SPD16_eabi.lib : boot_cortex_m.c.obj (.text:_c_int00_noargs:_c_int00_noargs)
                  00001ed8    0000002e     driverlib.lib : adc.obj (.text:ADCIntStatus)
                  00001f06    0000002a                   : gpio.obj (.text:GPIODirModeSet)
                  00001f30    00000020     rtsv7M4_T_le_v4SPD16_eabi.lib : u_tofd_t2.asm.obj (.text)
                  00001f50    0000001e     driverlib.lib : adc.obj (.text:ADCSequenceDataGet)
                  00001f6e    0000001c     rtsv7M4_T_le_v4SPD16_eabi.lib : copy_zero_init.c.obj (.text:decompress:ZI:__TI_zero_init_nomemset:__TI_zero_init_nomemset)
                  00001f8a    0000001a                                   : s_copysign.c.obj (.text:copysign)
                  00001fa4    00000018     driverlib.lib : adc.obj (.text:ADCProcessorTrigger)
                  00001fbc    00000012                   : gpio.obj (.text:GPIOPinTypeADC)
                  00001fce    00000012                   : gpio.obj (.text:GPIOPinTypeSSI)
                  00001fe0    00000012                   : gpio.obj (.text:GPIOPinTypeUART)
                  00001ff2    00000012                   : ssi.obj (.text:SSIDataGetNonBlocking)
                  00002004    00000012                   : timer.obj (.text:TimerLoadSet)
                  00002016    00000012     rtsv7M4_T_le_v4SPD16_eabi.lib : atof.c.obj (.text:atof)
                  00002028    00000010     driverlib.lib : fpu.obj (.text:FPUEnable)
                  00002038    00000010                   : fpu.obj (.text:FPULazyStackingEnable)
                  00002048    00000010                   : interrupt.obj (.text:IntMasterEnable)
                  00002058    0000000e                   : adc.obj (.text:ADCSequenceEnable)
                  00002066    0000000e                   : timer.obj (.text:TimerEnable)
                  00002074    0000000e                   : uart.obj (.text:UARTCharGetNonBlocking)
                  00002082    0000000e                   : uart.obj (.text:UARTCharsAvail)
                  00002090    0000000e     rtsv7M4_T_le_v4SPD16_eabi.lib : copy_decompress_none.c.obj (.text:decompress:none:__TI_decompress_none)
                  0000209e    0000000c     driverlib.lib : cpu.obj (.text:CPUcpsie)
                  000020aa    0000000c     adc_timer_uart2vias_spi_startup_ccs.obj (.text)
                  000020b6    0000000a     driverlib.lib : adc.obj (.text:ADCIntClear)
                  000020c0    0000000a                   : ssi.obj (.text:SSIDataPut)
                  000020ca    0000000a                   : ssi.obj (.text:SSIEnable)
                  000020d4    0000000a                   : uart.obj (.text:UARTIntStatus)
                  000020de    00000008                   : ssi.obj (.text:SSIBusy)
                  000020e6    00000008                   : timer.obj (.text:TimerIntEnable)
                  000020ee    00000008                   : uart.obj (.text:UARTIntEnable)
                  000020f6    00000002     --HOLE-- [fill = 0]
                  000020f8    00000008     rtsv7M4_T_le_v4SPD16_eabi.lib : errno.c.obj (.text:__aeabi_errno_addr)
                  00002100    00000006     driverlib.lib : sysctl.obj (.text:SysCtlDelay)
                  00002106    00000006                   : uart.obj (.text:UARTClockSourceSet)
                  0000210c    00000004                   : timer.obj (.text:TimerIntClear)
                  00002110    00000004                   : uart.obj (.text:UARTIntClear)
                  00002114    00000004     rtsv7M4_T_le_v4SPD16_eabi.lib : pre_init.c.obj (.text:_system_pre_init)
                  00002118    00000004                                   : exit.c.obj (.text:abort:abort)

.const     0    00002120    00000368     
                  00002120    00000101     rtsv7M4_T_le_v4SPD16_eabi.lib : ctype.c.obj (.const:.string:_ctypes_)
                  00002221    00000003     --HOLE-- [fill = 0]
                  00002224    00000004     uartstdio.obj (.const)
                  00002228    000000c8     rtsv7M4_T_le_v4SPD16_eabi.lib : strtod.c.obj (.const:$O1$$)
                  000022f0    00000090     driverlib.lib : gpio.obj (.const:g_pui32GPIOBaseAddrs)
                  00002380    00000070                   : interrupt.obj (.const)
                  000023f0    0000006c                   : sysctl.obj (.const:g_pui32Xtals)
                  0000245c    00000012     uartstdio.obj (.const:.string)
                  0000246e    00000002     --HOLE-- [fill = 0]
                  00002470    0000000c     uartstdio.obj (.const:g_ui32UARTBase)
                  0000247c    0000000c     uartstdio.obj (.const:g_ui32UARTPeriph)

.cinit     0    00002488    00000030     
                  00002488    0000000c     (.cinit..data.load) [load image, compression = lzss]
                  00002494    0000000c     (__TI_handler_table)
                  000024a0    00000008     (.cinit..bss.load) [load image, compression = zero_init]
                  000024a8    00000010     (__TI_cinit_table)

.init_array 
*          0    00000000    00000000     UNINITIALIZED

.data      0    20000200    00000060     UNINITIALIZED
                  20000200    00000054     main.obj (.data)
                  20000254    00000005     uartstdio.obj (.data)
                  20000259    00000003     --HOLE--
                  2000025c    00000004     rtsv7M4_T_le_v4SPD16_eabi.lib : errno.c.obj (.data)

.bss       0    20000260    00000048     UNINITIALIZED
                  20000260    00000008     (.common:a1)
                  20000268    00000008     (.common:a2)
                  20000270    00000008     (.common:a3)
                  20000278    00000008     (.common:a4)
                  20000280    00000008     (.common:b0)
                  20000288    00000008     (.common:b1)
                  20000290    00000008     (.common:b2)
                  20000298    00000008     (.common:b3)
                  200002a0    00000008     (.common:b4)

.stack     0    20000000    00000200     UNINITIALIZED
                  20000000    00000004     rtsv7M4_T_le_v4SPD16_eabi.lib : boot_cortex_m.c.obj (.stack)
                  20000004    000001fc     --HOLE--

__llvm_prf_cnts 
*          0    20000000    00000000     UNINITIALIZED

MODULE SUMMARY

       Module                                    code   ro data   rw data
       ------                                    ----   -------   -------
    .\
       main.obj                                  1540   0         156    
       uartstdio.obj                             1244   46        5      
       adc_timer_uart2vias_spi_startup_ccs.obj   12     620       0      
    +--+-----------------------------------------+------+---------+---------+
       Total:                                    2796   666       161    
                                                                         
    C:/ti/TivaWare_C_Series-2.1.4.178/driverlib/ccs/Debug/driverlib.lib
       sysctl.obj                                574    108       0      
       gpio.obj                                  474    144       0      
       adc.obj                                   326    0         0      
       interrupt.obj                             120    112       0      
       timer.obj                                 140    0         0      
       ssi.obj                                   106    0         0      
       uart.obj                                  56     0         0      
       fpu.obj                                   32     0         0      
       cpu.obj                                   12     0         0      
    +--+-----------------------------------------+------+---------+---------+
       Total:                                    1840   364       0      
                                                                         
    C:\ti\ccs1220\ccs\tools\compiler\ti-cgt-arm_20.2.7.LTS\lib\rtsv7M4_T_le_v4SPD16_eabi.lib
       strtod.c.obj                              1120   200       0      
       fd_add_t2.asm.obj                         438    0         0      
       fd_div_t2.asm.obj                         310    0         0      
       s_scalbn.c.obj                            272    0         0      
       ctype.c.obj                               0      257       0      
       fd_mul_t2.asm.obj                         252    0         0      
       memcpy_t2.asm.obj                         156    0         0      
       fd_cmp_t2.asm.obj                         134    0         0      
       fd_tos_t2.asm.obj                         110    0         0      
       copy_decompress_lzss.c.obj                104    0         0      
       autoinit.c.obj                            68     0         0      
       u_divt2.asm.obj                           64     0         0      
       boot_cortex_m.c.obj                       52     0         0      
       u_tofd_t2.asm.obj                         32     0         0      
       copy_zero_init.c.obj                      28     0         0      
       s_copysign.c.obj                          26     0         0      
       atof.c.obj                                18     0         0      
       copy_decompress_none.c.obj                14     0         0      
       errno.c.obj                               8      0         4      
       exit.c.obj                                4      0         0      
       pre_init.c.obj                            4      0         0      
       div0.asm.obj                              2      0         0      
    +--+-----------------------------------------+------+---------+---------+
       Total:                                    3216   457       4      
                                                                         
       Stack:                                    0      0         512    
       Linker Generated:                         0      48        0      
    +--+-----------------------------------------+------+---------+---------+
       Grand Total:                              7852   1535      677    


LINKER GENERATED COPY TABLES

__TI_cinit_table @ 000024a8 records: 2, size/record: 8, table size: 16
	.data: load addr=00002488, load size=0000000c bytes, run addr=20000200, run size=00000060 bytes, compression=lzss
	.bss: load addr=000024a0, load size=00000008 bytes, run addr=20000260, run size=00000048 bytes, compression=zero_init


LINKER GENERATED HANDLER TABLE

__TI_handler_table @ 00002494 records: 3, size/record: 4, table size: 12
	index: 0, handler: __TI_decompress_lzss
	index: 1, handler: __TI_decompress_none
	index: 2, handler: __TI_zero_init


GLOBAL SYMBOLS: SORTED ALPHABETICALLY BY Name 

address   name                          
-------   ----                          
000020b7  ADCIntClear                   
00001ed9  ADCIntStatus                  
00001fa5  ADCProcessorTrigger           
00001d19  ADCSequenceConfigure          
00001f51  ADCSequenceDataGet            
00002059  ADCSequenceEnable             
00001aff  ADCSequenceStepConfigure      
00002119  C$$EXIT                       
0000209f  CPUcpsie                      
00002029  FPUEnable                     
00002039  FPULazyStackingEnable         
00001f07  GPIODirModeSet                
00001499  GPIOPadConfigSet              
00001d69  GPIOPinConfigure              
00001fbd  GPIOPinTypeADC                
00001fcf  GPIOPinTypeSSI                
00001fe1  GPIOPinTypeUART               
000006a3  InitConsole                   
00001be9  IntEnable                     
00002049  IntMasterEnable               
000020ab  ResetISR                      
000020df  SSIBusy                       
00001e35  SSIConfigSetExpClk            
00001ff3  SSIDataGetNonBlocking         
000020c1  SSIDataPut                    
000020cb  SSIEnable                     
000015cd  SysCtlClockGet                
000018e9  SysCtlClockSet                
00002101  SysCtlDelay                   
00001e71  SysCtlPeripheralEnable        
0000026d  Timer0IntHandler              
00001cb9  TimerConfigure                
00002067  TimerEnable                   
0000210d  TimerIntClear                 
000020e7  TimerIntEnable                
00002005  TimerLoadSet                  
00002075  UARTCharGetNonBlocking        
00002083  UARTCharsAvail                
00002107  UARTClockSourceSet            
00002111  UARTIntClear                  
000020ef  UARTIntEnable                 
00000475  UARTIntHandler                
000020d5  UARTIntStatus                 
00000871  UARTStdioConfig               
000009e9  UARTgetc                      
00000923  UARTgets                      
00000d17  UARTprintf                    
00000a1d  UARTvprintf                   
000008d1  UARTwrite                     
20000200  __STACK_END                   
00000200  __STACK_SIZE                  
20000200  __STACK_TOP                   
000024a8  __TI_CINIT_Base               
000024b8  __TI_CINIT_Limit              
00002494  __TI_Handler_Table_Base       
000024a0  __TI_Handler_Table_Limit      
00001db1  __TI_auto_init_nobinit_nopinit
00001c51  __TI_decompress_lzss          
00002091  __TI_decompress_none          
ffffffff  __TI_pprof_out_hndl           
ffffffff  __TI_prof_data_size           
ffffffff  __TI_prof_data_start          
00000000  __TI_static_base__            
00001f6f  __TI_zero_init_nomemset       
00001a79  __aeabi_cdcmpeq               
00001a79  __aeabi_cdcmple               
00001b79  __aeabi_d2f                   
000011b7  __aeabi_dadd                  
00001363  __aeabi_ddiv                  
000017ed  __aeabi_dmul                  
000011ad  __aeabi_dsub                  
000020f9  __aeabi_errno_addr            
000015cb  __aeabi_idiv0                 
000015cb  __aeabi_ldiv0                 
000019dd  __aeabi_memcpy                
000019dd  __aeabi_memcpy4               
000019dd  __aeabi_memcpy8               
00001f31  __aeabi_ui2d                  
00001df5  __aeabi_uidiv                 
00001df5  __aeabi_uidivmod              
ffffffff  __binit__                     
ffffffff  __c_args__                    
UNDEFED   __mpu_init                    
20000000  __stack                       
20000000  __start___llvm_prf_cnts       
20000000  __stop___llvm_prf_cnts        
00001ea5  _c_int00_noargs               
00002120  _ctypes_                      
UNDEFED   _system_post_cinit            
00002115  _system_pre_init              
20000260  a1                            
2000022c  a1_f                          
20000268  a2                            
20000230  a2_f                          
20000270  a3                            
20000234  a3_f                          
20000278  a4                            
20000238  a4_f                          
00002119  abort                         
00002017  atof                          
20000280  b0                            
2000023c  b0_f                          
20000288  b1                            
20000240  b1_f                          
20000290  b2                            
20000244  b2_f                          
20000298  b3                            
20000248  b3_f                          
200002a0  b4                            
2000024c  b4_f                          
20000250  banderaUART                   
ffffffff  binit                         
00001f8b  copysign                      
00001f8b  copysignl                     
2000025c  errno                         
00000000  g_pfnVectors                  
000016dd  ldexp                         
000016dd  ldexpl                        
000006f1  main                          
000019dd  memcpy                        
20000200  num_recibido                  
000016dd  scalbn                        
000016dd  scalbnl                       
00000d4d  strtod                        
00000d4d  strtold                       
20000204  x_n                           
2000020c  x_n_1                         
20000210  x_n_2                         
20000214  x_n_3                         
20000218  x_n_4                         
20000208  y_n                           
2000021c  y_n_1                         
20000220  y_n_2                         
20000224  y_n_3                         
20000228  y_n_4                         


GLOBAL SYMBOLS: SORTED BY Symbol Address 

address   name                          
-------   ----                          
00000000  __TI_static_base__            
00000000  g_pfnVectors                  
00000200  __STACK_SIZE                  
0000026d  Timer0IntHandler              
00000475  UARTIntHandler                
000006a3  InitConsole                   
000006f1  main                          
00000871  UARTStdioConfig               
000008d1  UARTwrite                     
00000923  UARTgets                      
000009e9  UARTgetc                      
00000a1d  UARTvprintf                   
00000d17  UARTprintf                    
00000d4d  strtod                        
00000d4d  strtold                       
000011ad  __aeabi_dsub                  
000011b7  __aeabi_dadd                  
00001363  __aeabi_ddiv                  
00001499  GPIOPadConfigSet              
000015cb  __aeabi_idiv0                 
000015cb  __aeabi_ldiv0                 
000015cd  SysCtlClockGet                
000016dd  ldexp                         
000016dd  ldexpl                        
000016dd  scalbn                        
000016dd  scalbnl                       
000017ed  __aeabi_dmul                  
000018e9  SysCtlClockSet                
000019dd  __aeabi_memcpy                
000019dd  __aeabi_memcpy4               
000019dd  __aeabi_memcpy8               
000019dd  memcpy                        
00001a79  __aeabi_cdcmpeq               
00001a79  __aeabi_cdcmple               
00001aff  ADCSequenceStepConfigure      
00001b79  __aeabi_d2f                   
00001be9  IntEnable                     
00001c51  __TI_decompress_lzss          
00001cb9  TimerConfigure                
00001d19  ADCSequenceConfigure          
00001d69  GPIOPinConfigure              
00001db1  __TI_auto_init_nobinit_nopinit
00001df5  __aeabi_uidiv                 
00001df5  __aeabi_uidivmod              
00001e35  SSIConfigSetExpClk            
00001e71  SysCtlPeripheralEnable        
00001ea5  _c_int00_noargs               
00001ed9  ADCIntStatus                  
00001f07  GPIODirModeSet                
00001f31  __aeabi_ui2d                  
00001f51  ADCSequenceDataGet            
00001f6f  __TI_zero_init_nomemset       
00001f8b  copysign                      
00001f8b  copysignl                     
00001fa5  ADCProcessorTrigger           
00001fbd  GPIOPinTypeADC                
00001fcf  GPIOPinTypeSSI                
00001fe1  GPIOPinTypeUART               
00001ff3  SSIDataGetNonBlocking         
00002005  TimerLoadSet                  
00002017  atof                          
00002029  FPUEnable                     
00002039  FPULazyStackingEnable         
00002049  IntMasterEnable               
00002059  ADCSequenceEnable             
00002067  TimerEnable                   
00002075  UARTCharGetNonBlocking        
00002083  UARTCharsAvail                
00002091  __TI_decompress_none          
0000209f  CPUcpsie                      
000020ab  ResetISR                      
000020b7  ADCIntClear                   
000020c1  SSIDataPut                    
000020cb  SSIEnable                     
000020d5  UARTIntStatus                 
000020df  SSIBusy                       
000020e7  TimerIntEnable                
000020ef  UARTIntEnable                 
000020f9  __aeabi_errno_addr            
00002101  SysCtlDelay                   
00002107  UARTClockSourceSet            
0000210d  TimerIntClear                 
00002111  UARTIntClear                  
00002115  _system_pre_init              
00002119  C$$EXIT                       
00002119  abort                         
00002120  _ctypes_                      
00002494  __TI_Handler_Table_Base       
000024a0  __TI_Handler_Table_Limit      
000024a8  __TI_CINIT_Base               
000024b8  __TI_CINIT_Limit              
20000000  __stack                       
20000000  __start___llvm_prf_cnts       
20000000  __stop___llvm_prf_cnts        
20000200  __STACK_END                   
20000200  __STACK_TOP                   
20000200  num_recibido                  
20000204  x_n                           
20000208  y_n                           
2000020c  x_n_1                         
20000210  x_n_2                         
20000214  x_n_3                         
20000218  x_n_4                         
2000021c  y_n_1                         
20000220  y_n_2                         
20000224  y_n_3                         
20000228  y_n_4                         
2000022c  a1_f                          
20000230  a2_f                          
20000234  a3_f                          
20000238  a4_f                          
2000023c  b0_f                          
20000240  b1_f                          
20000244  b2_f                          
20000248  b3_f                          
2000024c  b4_f                          
20000250  banderaUART                   
2000025c  errno                         
20000260  a1                            
20000268  a2                            
20000270  a3                            
20000278  a4                            
20000280  b0                            
20000288  b1                            
20000290  b2                            
20000298  b3                            
200002a0  b4                            
ffffffff  __TI_pprof_out_hndl           
ffffffff  __TI_prof_data_size           
ffffffff  __TI_prof_data_start          
ffffffff  __binit__                     
ffffffff  __c_args__                    
ffffffff  binit                         
UNDEFED   __mpu_init                    
UNDEFED   _system_post_cinit            

[135 symbols]
