******************************************************************************
                  TI ARM Linker PC v20.2.7                     
******************************************************************************
>> Linked Sat May 27 09:50:44 2023

OUTPUT FILE NAME:   <UartEcho.out>
ENTRY POINT SYMBOL: "_c_int00_noargs"  address: 00001565


MEMORY CONFIGURATION

         name            origin    length      used     unused   attr    fill
----------------------  --------  ---------  --------  --------  ----  --------
  FLASH                 00000000   00040000  00001a8c  0003e574  R  X
  SRAM                  20000000   00008000  00000274  00007d8c  RW X


SEGMENT ALLOCATION MAP

run origin  load origin   length   init length attrs members
----------  ----------- ---------- ----------- ----- -------
00000000    00000000    00001a90   00001a90    r-x
  00000000    00000000    0000026c   0000026c    r-- .intvecs
  0000026c    0000026c    000014b4   000014b4    r-x .text
  00001720    00001720    0000033c   0000033c    r-- .const
  00001a60    00001a60    00000030   00000030    r-- .cinit
20000000    20000000    00000274   00000000    rw-
  20000000    20000000    00000200   00000000    rw- .stack
  20000200    20000200    00000048   00000000    rw- .bss
  20000248    20000248    0000002c   00000000    rw- .data


SECTION ALLOCATION MAP

 output                                  attributes/
section   page    origin      length       input sections
--------  ----  ----------  ----------   ----------------
.intvecs   0    00000000    0000026c     
                  00000000    0000026c     uart_echo_startup_ccs.obj (.intvecs)

.text      0    0000026c    000014b4     
                  0000026c    00000460     rtsv7M4_T_le_v4SPD16_eabi.lib : strtod.c.obj (.text:strtod)
                  000006cc    00000300     main.obj (.text)
                  000009cc    000001b6     rtsv7M4_T_le_v4SPD16_eabi.lib : fd_add_t2.asm.obj (.text)
                  00000b82    00000136                                   : fd_div_t2.asm.obj (.text)
                  00000cb8    00000132     driverlib.lib : gpio.obj (.text:GPIOPadConfigSet)
                  00000dea    00000002     --HOLE-- [fill = 0]
                  00000dec    00000110                   : sysctl.obj (.text:SysCtlClockGet)
                  00000efc    00000110     rtsv7M4_T_le_v4SPD16_eabi.lib : s_scalbn.c.obj (.text:scalbn)
                  0000100c    000000fc                                   : fd_mul_t2.asm.obj (.text)
                  00001108    000000f4     driverlib.lib : sysctl.obj (.text:SysCtlClockSet)
                  000011fc    0000009c     rtsv7M4_T_le_v4SPD16_eabi.lib : memcpy_t2.asm.obj (.text)
                  00001298    00000086                                   : fd_cmp_t2.asm.obj (.text:__aeabi_cdcmple)
                  0000131e    0000006e                                   : fd_tos_t2.asm.obj (.text)
                  0000138c    00000068     driverlib.lib : interrupt.obj (.text:IntEnable)
                  000013f4    00000068     rtsv7M4_T_le_v4SPD16_eabi.lib : copy_decompress_lzss.c.obj (.text:decompress:lzss:__TI_decompress_lzss)
                  0000145c    00000048     driverlib.lib : gpio.obj (.text:GPIOPinConfigure)
                  000014a4    00000046                   : uart.obj (.text:UARTConfigSetExpClk)
                  000014ea    00000002     --HOLE-- [fill = 0]
                  000014ec    00000044     rtsv7M4_T_le_v4SPD16_eabi.lib : autoinit.c.obj (.text:__TI_auto_init_nobinit_nopinit:__TI_auto_init_nobinit_nopinit)
                  00001530    00000034     driverlib.lib : sysctl.obj (.text:SysCtlPeripheralEnable)
                  00001564    00000034     rtsv7M4_T_le_v4SPD16_eabi.lib : boot_cortex_m.c.obj (.text:_c_int00_noargs:_c_int00_noargs)
                  00001598    0000002a     driverlib.lib : gpio.obj (.text:GPIODirModeSet)
                  000015c2    00000002     --HOLE-- [fill = 0]
                  000015c4    00000020                   : uart.obj (.text:UARTDisable)
                  000015e4    0000001c     rtsv7M4_T_le_v4SPD16_eabi.lib : copy_zero_init.c.obj (.text:decompress:ZI:__TI_zero_init_nomemset:__TI_zero_init_nomemset)
                  00001600    0000001a                                   : s_copysign.c.obj (.text:copysign)
                  0000161a    00000018     driverlib.lib : gpio.obj (.text:GPIOPinTypeGPIOOutput)
                  00001632    00000014                   : uart.obj (.text:UARTEnable)
                  00001646    00000012                   : gpio.obj (.text:GPIOPinTypeUART)
                  00001658    00000012     rtsv7M4_T_le_v4SPD16_eabi.lib : atof.c.obj (.text:atof)
                  0000166a    00000002     --HOLE-- [fill = 0]
                  0000166c    00000010     driverlib.lib : fpu.obj (.text:FPUEnable)
                  0000167c    00000010                   : fpu.obj (.text:FPULazyStackingEnable)
                  0000168c    00000010                   : interrupt.obj (.text:IntMasterEnable)
                  0000169c    0000000e                   : uart.obj (.text:UARTCharGetNonBlocking)
                  000016aa    0000000e                   : uart.obj (.text:UARTCharPutNonBlocking)
                  000016b8    0000000e                   : uart.obj (.text:UARTCharsAvail)
                  000016c6    0000000e     rtsv7M4_T_le_v4SPD16_eabi.lib : copy_decompress_none.c.obj (.text:decompress:none:__TI_decompress_none)
                  000016d4    0000000c     driverlib.lib : cpu.obj (.text:CPUcpsie)
                  000016e0    0000000c     uart_echo_startup_ccs.obj (.text)
                  000016ec    0000000a     driverlib.lib : uart.obj (.text:UARTIntStatus)
                  000016f6    00000008                   : uart.obj (.text:UARTIntEnable)
                  000016fe    00000002     --HOLE-- [fill = 0]
                  00001700    00000008     rtsv7M4_T_le_v4SPD16_eabi.lib : errno.c.obj (.text:__aeabi_errno_addr)
                  00001708    00000006     driverlib.lib : gpio.obj (.text:GPIOPinWrite)
                  0000170e    00000006                   : sysctl.obj (.text:SysCtlDelay)
                  00001714    00000004                   : uart.obj (.text:UARTIntClear)
                  00001718    00000004     rtsv7M4_T_le_v4SPD16_eabi.lib : pre_init.c.obj (.text:_system_pre_init)
                  0000171c    00000004                                   : exit.c.obj (.text:abort:abort)

.const     0    00001720    0000033c     
                  00001720    00000101     rtsv7M4_T_le_v4SPD16_eabi.lib : ctype.c.obj (.const:.string:_ctypes_)
                  00001821    00000007     --HOLE-- [fill = 0]
                  00001828    000000c8                                   : strtod.c.obj (.const:$O1$$)
                  000018f0    00000090     driverlib.lib : gpio.obj (.const:g_pui32GPIOBaseAddrs)
                  00001980    00000070                   : interrupt.obj (.const)
                  000019f0    0000006c                   : sysctl.obj (.const:g_pui32Xtals)

.cinit     0    00001a60    00000030     
                  00001a60    0000000c     (__TI_handler_table)
                  00001a6c    00000004     --HOLE-- [fill = 0]
                  00001a70    00000008     (.cinit..bss.load) [load image, compression = zero_init]
                  00001a78    00000008     (.cinit..data.load) [load image, compression = lzss]
                  00001a80    00000010     (__TI_cinit_table)

.init_array 
*          0    00000000    00000000     UNINITIALIZED

.bss       0    20000200    00000048     UNINITIALIZED
                  20000200    00000008     (.common:a1)
                  20000208    00000008     (.common:a2)
                  20000210    00000008     (.common:a3)
                  20000218    00000008     (.common:a4)
                  20000220    00000008     (.common:b0)
                  20000228    00000008     (.common:b1)
                  20000230    00000008     (.common:b2)
                  20000238    00000008     (.common:b3)
                  20000240    00000008     (.common:b4)

.data      0    20000248    0000002c     UNINITIALIZED
                  20000248    00000028     main.obj (.data)
                  20000270    00000004     rtsv7M4_T_le_v4SPD16_eabi.lib : errno.c.obj (.data)

.stack     0    20000000    00000200     UNINITIALIZED
                  20000000    00000004     rtsv7M4_T_le_v4SPD16_eabi.lib : boot_cortex_m.c.obj (.stack)
                  20000004    000001fc     --HOLE--

__llvm_prf_cnts 
*          0    20000000    00000000     UNINITIALIZED

MODULE SUMMARY

       Module                       code   ro data   rw data
       ------                       ----   -------   -------
    .\
       main.obj                     768    0         112    
       uart_echo_startup_ccs.obj    12     620       0      
    +--+----------------------------+------+---------+---------+
       Total:                       780    620       112    
                                                            
    C:/ti/TivaWare_C_Series-2.1.4.178/driverlib/ccs/Debug/driverlib.lib
       sysctl.obj                   574    108       0      
       gpio.obj                     468    144       0      
       interrupt.obj                120    112       0      
       uart.obj                     186    0         0      
       fpu.obj                      32     0         0      
       cpu.obj                      12     0         0      
    +--+----------------------------+------+---------+---------+
       Total:                       1392   364       0      
                                                            
    C:\ti\ccs1220\ccs\tools\compiler\ti-cgt-arm_20.2.7.LTS\lib\rtsv7M4_T_le_v4SPD16_eabi.lib
       strtod.c.obj                 1120   200       0      
       fd_add_t2.asm.obj            438    0         0      
       fd_div_t2.asm.obj            310    0         0      
       s_scalbn.c.obj               272    0         0      
       ctype.c.obj                  0      257       0      
       fd_mul_t2.asm.obj            252    0         0      
       memcpy_t2.asm.obj            156    0         0      
       fd_cmp_t2.asm.obj            134    0         0      
       fd_tos_t2.asm.obj            110    0         0      
       copy_decompress_lzss.c.obj   104    0         0      
       autoinit.c.obj               68     0         0      
       boot_cortex_m.c.obj          52     0         0      
       copy_zero_init.c.obj         28     0         0      
       s_copysign.c.obj             26     0         0      
       atof.c.obj                   18     0         0      
       copy_decompress_none.c.obj   14     0         0      
       errno.c.obj                  8      0         4      
       exit.c.obj                   4      0         0      
       pre_init.c.obj               4      0         0      
    +--+----------------------------+------+---------+---------+
       Total:                       3118   457       4      
                                                            
       Stack:                       0      0         512    
       Linker Generated:            0      44        0      
    +--+----------------------------+------+---------+---------+
       Grand Total:                 5290   1485      628    


LINKER GENERATED COPY TABLES

__TI_cinit_table @ 00001a80 records: 2, size/record: 8, table size: 16
	.bss: load addr=00001a70, load size=00000008 bytes, run addr=20000200, run size=00000048 bytes, compression=zero_init
	.data: load addr=00001a78, load size=00000008 bytes, run addr=20000248, run size=0000002c bytes, compression=lzss


LINKER GENERATED HANDLER TABLE

__TI_handler_table @ 00001a60 records: 3, size/record: 4, table size: 12
	index: 0, handler: __TI_decompress_lzss
	index: 1, handler: __TI_decompress_none
	index: 2, handler: __TI_zero_init


GLOBAL SYMBOLS: SORTED ALPHABETICALLY BY Name 

address   name                          
-------   ----                          
0000171d  C$$EXIT                       
000016d5  CPUcpsie                      
0000166d  FPUEnable                     
0000167d  FPULazyStackingEnable         
00001599  GPIODirModeSet                
00000cb9  GPIOPadConfigSet              
0000145d  GPIOPinConfigure              
0000161b  GPIOPinTypeGPIOOutput         
00001647  GPIOPinTypeUART               
00001709  GPIOPinWrite                  
0000138d  IntEnable                     
0000168d  IntMasterEnable               
000016e1  ResetISR                      
00000ded  SysCtlClockGet                
00001109  SysCtlClockSet                
0000170f  SysCtlDelay                   
00001531  SysCtlPeripheralEnable        
0000169d  UARTCharGetNonBlocking        
000016ab  UARTCharPutNonBlocking        
000016b9  UARTCharsAvail                
000014a5  UARTConfigSetExpClk           
000015c5  UARTDisable                   
00001633  UARTEnable                    
00001715  UARTIntClear                  
000016f7  UARTIntEnable                 
000006cd  UARTIntHandler                
000016ed  UARTIntStatus                 
000008b7  UARTSend                      
20000200  __STACK_END                   
00000200  __STACK_SIZE                  
20000200  __STACK_TOP                   
00001a80  __TI_CINIT_Base               
00001a90  __TI_CINIT_Limit              
00001a60  __TI_Handler_Table_Base       
00001a6c  __TI_Handler_Table_Limit      
000014ed  __TI_auto_init_nobinit_nopinit
000013f5  __TI_decompress_lzss          
000016c7  __TI_decompress_none          
ffffffff  __TI_pprof_out_hndl           
ffffffff  __TI_prof_data_size           
ffffffff  __TI_prof_data_start          
00000000  __TI_static_base__            
000015e5  __TI_zero_init_nomemset       
00001299  __aeabi_cdcmpeq               
00001299  __aeabi_cdcmple               
0000131f  __aeabi_d2f                   
000009d7  __aeabi_dadd                  
00000b83  __aeabi_ddiv                  
0000100d  __aeabi_dmul                  
000009cd  __aeabi_dsub                  
00001701  __aeabi_errno_addr            
000011fd  __aeabi_memcpy                
000011fd  __aeabi_memcpy4               
000011fd  __aeabi_memcpy8               
ffffffff  __binit__                     
ffffffff  __c_args__                    
UNDEFED   __mpu_init                    
20000000  __stack                       
20000000  __start___llvm_prf_cnts       
20000000  __stop___llvm_prf_cnts        
00001565  _c_int00_noargs               
00001720  _ctypes_                      
UNDEFED   _system_post_cinit            
00001719  _system_pre_init              
20000200  a1                            
20000248  a1_f                          
20000208  a2                            
2000024c  a2_f                          
20000210  a3                            
20000250  a3_f                          
20000218  a4                            
20000254  a4_f                          
0000171d  abort                         
00001659  atof                          
20000220  b0                            
20000258  b0_f                          
20000228  b1                            
2000025c  b1_f                          
20000230  b2                            
20000260  b2_f                          
20000238  b3                            
20000264  b3_f                          
20000240  b4                            
20000268  b4_f                          
2000026c  banderaUART                   
ffffffff  binit                         
00001601  copysign                      
00001601  copysignl                     
20000270  errno                         
00000000  g_pfnVectors                  
00000efd  ldexp                         
00000efd  ldexpl                        
000008df  main                          
000011fd  memcpy                        
00000efd  scalbn                        
00000efd  scalbnl                       
0000026d  strtod                        
0000026d  strtold                       


GLOBAL SYMBOLS: SORTED BY Symbol Address 

address   name                          
-------   ----                          
00000000  __TI_static_base__            
00000000  g_pfnVectors                  
00000200  __STACK_SIZE                  
0000026d  strtod                        
0000026d  strtold                       
000006cd  UARTIntHandler                
000008b7  UARTSend                      
000008df  main                          
000009cd  __aeabi_dsub                  
000009d7  __aeabi_dadd                  
00000b83  __aeabi_ddiv                  
00000cb9  GPIOPadConfigSet              
00000ded  SysCtlClockGet                
00000efd  ldexp                         
00000efd  ldexpl                        
00000efd  scalbn                        
00000efd  scalbnl                       
0000100d  __aeabi_dmul                  
00001109  SysCtlClockSet                
000011fd  __aeabi_memcpy                
000011fd  __aeabi_memcpy4               
000011fd  __aeabi_memcpy8               
000011fd  memcpy                        
00001299  __aeabi_cdcmpeq               
00001299  __aeabi_cdcmple               
0000131f  __aeabi_d2f                   
0000138d  IntEnable                     
000013f5  __TI_decompress_lzss          
0000145d  GPIOPinConfigure              
000014a5  UARTConfigSetExpClk           
000014ed  __TI_auto_init_nobinit_nopinit
00001531  SysCtlPeripheralEnable        
00001565  _c_int00_noargs               
00001599  GPIODirModeSet                
000015c5  UARTDisable                   
000015e5  __TI_zero_init_nomemset       
00001601  copysign                      
00001601  copysignl                     
0000161b  GPIOPinTypeGPIOOutput         
00001633  UARTEnable                    
00001647  GPIOPinTypeUART               
00001659  atof                          
0000166d  FPUEnable                     
0000167d  FPULazyStackingEnable         
0000168d  IntMasterEnable               
0000169d  UARTCharGetNonBlocking        
000016ab  UARTCharPutNonBlocking        
000016b9  UARTCharsAvail                
000016c7  __TI_decompress_none          
000016d5  CPUcpsie                      
000016e1  ResetISR                      
000016ed  UARTIntStatus                 
000016f7  UARTIntEnable                 
00001701  __aeabi_errno_addr            
00001709  GPIOPinWrite                  
0000170f  SysCtlDelay                   
00001715  UARTIntClear                  
00001719  _system_pre_init              
0000171d  C$$EXIT                       
0000171d  abort                         
00001720  _ctypes_                      
00001a60  __TI_Handler_Table_Base       
00001a6c  __TI_Handler_Table_Limit      
00001a80  __TI_CINIT_Base               
00001a90  __TI_CINIT_Limit              
20000000  __stack                       
20000000  __start___llvm_prf_cnts       
20000000  __stop___llvm_prf_cnts        
20000200  __STACK_END                   
20000200  __STACK_TOP                   
20000200  a1                            
20000208  a2                            
20000210  a3                            
20000218  a4                            
20000220  b0                            
20000228  b1                            
20000230  b2                            
20000238  b3                            
20000240  b4                            
20000248  a1_f                          
2000024c  a2_f                          
20000250  a3_f                          
20000254  a4_f                          
20000258  b0_f                          
2000025c  b1_f                          
20000260  b2_f                          
20000264  b3_f                          
20000268  b4_f                          
2000026c  banderaUART                   
20000270  errno                         
ffffffff  __TI_pprof_out_hndl           
ffffffff  __TI_prof_data_size           
ffffffff  __TI_prof_data_start          
ffffffff  __binit__                     
ffffffff  __c_args__                    
ffffffff  binit                         
UNDEFED   __mpu_init                    
UNDEFED   _system_post_cinit            

[98 symbols]
